Microchip MPLAB XC8 Compiler V2.46

Linker command line:

-W-3 --edf=/opt/microchip/xc8/v2.46/pic/dat/20240104201356_en.msgs -cn \
  -h+dist/default/production/CLASS4.X.production.sym \
  --cmf=dist/default/production/CLASS4.X.production.cmf -z -Q16F877A \
  -o/tmp/xcXNAJaIE/driver_tmp_3.o --defsym=__MPLAB_BUILD=1 \
  --fixupoverflow=error -Mdist/default/production/CLASS4.X.production.map \
  --md=/tmp/xcXNAJaIE/driver_tmp_0.dat -E1 -ver=XC8 Compiler --acfsm=1493 \
  -ACODE=00h-07FFhx4 -ASTRCODE=00h-01FFFh -ASTRING=00h-0FFhx32 \
  -ACONST=00h-0FFhx32 -AENTRY=00h-0FFhx32 -ACOMMON=070h-07Fh \
  -ABANK0=020h-06Fh -ABANK1=0A0h-0EFh -ABANK2=0110h-016Fh \
  -ABANK3=0190h-01EFh -ARAM=020h-06Fh,0A0h-0EFh,0110h-016Fh,0190h-01EFh \
  -AABS1=020h-07Fh,0A0h-0EFh,0110h-016Fh,0190h-01EFh -ASFR0=00h-01Fh \
  -ASFR1=080h-09Fh -ASFR2=0100h-010Fh -ASFR3=0180h-018Fh \
  -ACONFIG=02007h-02007h -DCONFIG=2 -AIDLOC=02000h-02003h -DIDLOC=2 \
  -AEEDATA=00h-0FFh/02100h -peeprom_data=EEDATA -DEEDATA=2 -DCODE=2 \
  -DSTRCODE=2 -DSTRING=2 -DCONST=2 -DENTRY=2 \
  -preset_vec=00h,intentry,sivt,init,end_init -ppowerup=CODE -pcinit=CODE \
  -pfunctab=ENTRY -k /tmp/xcXNAJaIE/driver_tmp_12.o \
  dist/default/production/CLASS4.X.production.o 

Object code version is 3.11

Machine type is 16F877A



                Name                               Link     Load   Length Selector   Space Scale
/tmp/xcXNAJaIE/driver_tmp_12.o
                end_init                              0        0        3        0       0
                config                             2007     2007        1        0       4
dist/default/production/CLASS4.X.production.o
                cinit                               7E6      7E6       1A      FCC       0
                config                             2007     2007        1        0       4
                text8                               54A      54A       17      A94       0
                text7                               5E8      5E8       68      BD0       0
                text6                               535      535       15      A6A       0
                text5                               5A4      5A4       44      B48       0
                text4                               57F      57F       25      AFE       0
                text3                               521      521       14      A42       0
                text2                               6FB      6FB       EB      DF6       0
                text1                               650      650       AB      CA0       0
                maintext                            500      500        E      A00       0
                cstackBANK0                          4E       4E        9       20       1
                cstackCOMMON                         70       70        E       70       1
                clrtext                             4F8      4F8        8      9F0       0
                inittext                            50E      50E       13      A1C       0
                dataBANK0                            20       20       1E       20       1
                bssBANK0                             3E       3E       10       20       1
                idataBANK0                          561      561       1E      AC2       0

TOTAL           Name                               Link     Load   Length     Space
        CLASS   CODE           
                end_init                              0        0        3         0
                cinit                               7E6      7E6       1A         0
                text8                               54A      54A       17         0
                text7                               5E8      5E8       68         0
                text6                               535      535       15         0
                text5                               5A4      5A4       44         0
                text4                               57F      57F       25         0
                text3                               521      521       14         0
                text2                               6FB      6FB       EB         0
                text1                               650      650       AB         0
                maintext                            500      500        E         0
                clrtext                             4F8      4F8        8         0
                inittext                            50E      50E       13         0
                idataBANK0                          561      561       1E         0

        CLASS   STRCODE        

        CLASS   STRING         

        CLASS   CONST          

        CLASS   ENTRY          

        CLASS   COMMON         
                cstackCOMMON                         70       70        E         1

        CLASS   BANK0          
                cstackBANK0                          4E       4E        9         1
                dataBANK0                            20       20       1E         1
                bssBANK0                             3E       3E       10         1

        CLASS   BANK1          

        CLASS   BANK2          

        CLASS   BANK3          

        CLASS   RAM            

        CLASS   ABS1           
                abs_s1                               7E       7E        2         1

        CLASS   SFR0           

        CLASS   SFR1           

        CLASS   SFR2           

        CLASS   SFR3           

        CLASS   CONFIG         
                config                             2007     2007        1         4

        CLASS   IDLOC          

        CLASS   EEDATA         

        CLASS   HEAP           

        CLASS   STACK          



SEGMENTS        Name                           Load    Length   Top    Selector   Space  Class     Delta

                text6                          000535  000015  00054A       A6A       0  CODE        2
                idataBANK0                     000561  00001E  00057F       AC2       0  CODE        2
                text8                          00054A  000017  000561       A94       0  CODE        2
                reset_vec                      000000  000003  000003         0       0  CODE        2
                text3                          000521  000014  000535       A42       0  CODE        2
                text4                          00057F  000025  0005A4       AFE       0  CODE        2
                text5                          0005A4  000044  0005E8       B48       0  CODE        2
                maintext                       000500  00000E  00050E       A00       0  CODE        2
                clrtext                        0004F8  000008  000500       9F0       0  CODE        2
                inittext                       00050E  000013  000521       A1C       0  CODE        2
                text7                          0005E8  000068  000650       BD0       0  CODE        2
                dataBANK0                      000020  000037  000057        20       1  BANK0       1
                cinit                          0007E6  00001A  000800       FCC       0  CODE        2
                cstackCOMMON                   000070  00000E  00007E        70       1  COMMON      1
                text1                          000650  0000AB  0006FB       CA0       0  CODE        2
                text2                          0006FB  0000EB  0007E6       DF6       0  CODE        2


UNUSED ADDRESS RANGES

        Name                Unused          Largest block    Delta
        BANK0            0057-006F             19           1
        BANK1            00A0-00EF             50           1
        BANK2            0110-016F             60           1
        BANK3            0190-01EF             60           1
        CODE             0003-04F7            4F5           2
                         0800-1FFF            800
        CONST            0003-04F7            100           2
                         0800-1FFF            100
        EEDATA           2100-21FF            100           2
        ENTRY            0003-04F7            100           2
                         0800-1FFF            100
        IDLOC            2000-2003              4           2
        RAM              0057-006F             19           1
                         00A0-00EF             50
                         0110-016F             60
                         0190-01EF             60
        SFR0             0000-001F             20           1
        SFR1             0080-009F             20           1
        SFR2             0100-010F             10           1
        SFR3             0180-018F             10           1
        STRCODE          0003-04F7            4F5           2
                         0800-1FFF           1800
        STRING           0003-04F7            100           2
                         0800-1FFF            100

                                  Symbol Table

?___lwdiv                cstackCOMMON 0076
?___wmul                 cstackCOMMON 0070
_OPTION_REG              (abs)        0081
_PORTB                   (abs)        0006
_PORTC                   (abs)        0007
_PORTD                   (abs)        0008
_TRISB                   (abs)        0086
_TRISC                   (abs)        0087
_TRISD                   (abs)        0088
__H__absolute__          __absolute__ 0000
__Habs1                  abs1         0000
__Hbank0                 bank0        0000
__Hbank1                 bank1        0000
__Hbank2                 bank2        0000
__Hbank3                 bank3        0000
__HbssBANK0              bssBANK0     0000
__Hcinit                 cinit        0800
__Hclrtext               clrtext      0000
__Hcode                  code         0000
__Hcommon                common       0000
__Hconfig                config       2008
__HcstackBANK0           cstackBANK0  0000
__HcstackCOMMON          cstackCOMMON 0000
__HdataBANK0             dataBANK0    0000
__Heeprom_data           eeprom_data  0000
__Hend_init              end_init     0003
__Hfunctab               functab      0000
__Hheap                  heap         0000
__HidataBANK0            idataBANK0   0000
__Hinit                  init         0000
__Hinittext              inittext     0000
__Hintentry              intentry     0000
__Hmaintext              maintext     0000
__Hpowerup               powerup      0000
__Hram                   ram          0000
__Hreset_vec             reset_vec    0000
__Hsfr0                  sfr0         0000
__Hsfr1                  sfr1         0000
__Hsfr2                  sfr2         0000
__Hsfr3                  sfr3         0000
__Hsivt                  sivt         0000
__Hspace_0               (abs)        0800
__Hspace_1               (abs)        007E
__Hspace_2               (abs)        0000
__Hspace_3               (abs)        0000
__Hspace_4               (abs)        400F
__Hstack                 stack        0000
__Hstrings               strings      0000
__Htext                  text         0000
__L__absolute__          __absolute__ 0000
__Labs1                  abs1         0000
__Lbank0                 bank0        0000
__Lbank1                 bank1        0000
__Lbank2                 bank2        0000
__Lbank3                 bank3        0000
__LbssBANK0              bssBANK0     0000
__Lcinit                 cinit        07E6
__Lclrtext               clrtext      0000
__Lcode                  code         0000
__Lcommon                common       0000
__Lconfig                config       0000
__LcstackBANK0           cstackBANK0  0000
__LcstackCOMMON          cstackCOMMON 0000
__LdataBANK0             dataBANK0    0000
__Leeprom_data           eeprom_data  0000
__Lend_init              end_init     0000
__Lfunctab               functab      0000
__Lheap                  heap         0000
__LidataBANK0            idataBANK0   0000
__Linit                  init         0000
__Linittext              inittext     0000
__Lintentry              intentry     0000
__Lmaintext              maintext     0000
__Lpowerup               powerup      0000
__Lram                   ram          0000
__Lreset_vec             reset_vec    0000
__Lsfr0                  sfr0         0000
__Lsfr1                  sfr1         0000
__Lsfr2                  sfr2         0000
__Lsfr3                  sfr3         0000
__Lsivt                  sivt         0000
__Lspace_0               (abs)        0000
__Lspace_1               (abs)        0000
__Lspace_2               (abs)        0000
__Lspace_3               (abs)        0000
__Lspace_4               (abs)        0000
__Lstack                 stack        0000
__Lstrings               strings      0000
__Ltext                  text         0000
__S0                     (abs)        0800
__S1                     (abs)        007E
__S3                     (abs)        0000
___bmul                  text6        0535
___bmul@multiplicand     cstackCOMMON 0070
___bmul@multiplier       cstackCOMMON 0073
___bmul@product          cstackCOMMON 0072
___heap_hi               (abs)        0000
___heap_lo               (abs)        0000
___int_sp                stack        0000
___int_stack_hi          stack        0000
___int_stack_lo          stack        0000
___latbits               (abs)        0002
___lwdiv                 text5        05A4
___lwdiv@counter         cstackCOMMON 007D
___lwdiv@dividend        cstackCOMMON 0078
___lwdiv@divisor         cstackCOMMON 0076
___lwdiv@quotient        cstackCOMMON 007B
___sp                    stack        0000
___stack_hi              stack        0000
___stack_lo              stack        0000
___stackhi               (abs)        0000
___stacklo               (abs)        0000
___wmul                  text4        057F
___wmul@multiplicand     cstackCOMMON 0072
___wmul@multiplier       cstackCOMMON 0070
___wmul@product          cstackCOMMON 0074
__end_of___bmul          text6        054A
__end_of___lwdiv         text5        05E8
__end_of___wmul          text4        05A4
__end_of__initialization cinit        07FC
__end_of_init            text7        0650
__end_of_keyscane        text1        06FB
__end_of_lcd_cmd         text8        0561
__end_of_lcd_data        text3        0535
__end_of_lcd_output      text2        07E6
__end_of_main            maintext     050E
__initialization         cinit        07E6
__pbssBANK0              bssBANK0     003E
__pcstackBANK0           cstackBANK0  004E
__pcstackCOMMON          cstackCOMMON 0070
__pdataBANK0             dataBANK0    0020
__pidataBANK0            idataBANK0   0561
__pmaintext              maintext     0500
__ptext1                 text1        0650
__ptext2                 text2        06FB
__ptext3                 text3        0521
__ptext4                 text4        057F
__ptext5                 text5        05A4
__ptext6                 text6        0535
__ptext7                 text7        05E8
__ptext8                 text8        054A
_arr                     dataBANK0    0020
_d1                      bssBANK0     0042
_d2                      bssBANK0     0044
_d3                      bssBANK0     0046
_d4                      bssBANK0     0048
_init                    text7        05E8
_j                       bssBANK0     0040
_keyscane                text1        0650
_lcd_cmd                 text8        054A
_lcd_data                text3        0521
_lcd_output              text2        06FB
_main                    maintext     0500
_value                   bssBANK0     004A
_x                       bssBANK0     004D
btemp                    (abs)        007E
clear_ram0               clrtext      04F8
end_of_initialization    cinit        07FC
init_fetch0              inittext     050E
init_ram0                inittext     0512
intlevel0                functab      0000
intlevel1                functab      0000
intlevel2                functab      0000
intlevel3                functab      0000
intlevel4                functab      0000
intlevel5                functab      0000
lcd_cmd@i                cstackCOMMON 0072
lcd_data@i               cstackCOMMON 0072
lcd_output@i             cstackBANK0  004E
reset_vec                reset_vec    0000
start                    init         0000
start_initialization     cinit        07E6
wtemp0                   (abs)        007E


MODULE INFORMATION

Module		Function		Class		Link	Load	Size
/opt/microchip/xc8/v2.46/pic/sources/c99/common/Umul16.c
		___wmul        		CODE           	057F	0000	37

/opt/microchip/xc8/v2.46/pic/sources/c99/common/Umul16.c estimated size: 37

CLASS4_RPM.c
		_init          		CODE           	05E8	0000	104
		_lcd_cmd       		CODE           	054A	0000	23
		_lcd_data      		CODE           	0521	0000	20
		_main          		CODE           	0500	0000	14
		_keyscane      		CODE           	0650	0000	171
		_lcd_output    		CODE           	06FB	0000	235

CLASS4_RPM.c estimated size: 567

/opt/microchip/xc8/v2.46/pic/sources/c99/common/lwdiv.c
		___lwdiv       		CODE           	05A4	0000	68

/opt/microchip/xc8/v2.46/pic/sources/c99/common/lwdiv.c estimated size: 68

/opt/microchip/xc8/v2.46/pic/sources/c99/common/Umul8.c
		___bmul        		CODE           	0535	0000	21

/opt/microchip/xc8/v2.46/pic/sources/c99/common/Umul8.c estimated size: 21

shared
		__initialization		CODE           	07E6	0000	22

shared estimated size: 22

