Microchip MPLAB XC8 Compiler V2.46

Linker command line:

-W-3 --edf=/opt/microchip/xc8/v2.46/pic/dat/20240104201356_en.msgs -cn \
  -h+dist/default/production/CLASS3_TASK.X.production.sym \
  --cmf=dist/default/production/CLASS3_TASK.X.production.cmf -z -Q16F877A \
  -o/tmp/xcXMJIfAj/driver_tmp_3.o --defsym=__MPLAB_BUILD=1 \
  --fixupoverflow=error \
  -Mdist/default/production/CLASS3_TASK.X.production.map \
  --md=/tmp/xcXMJIfAj/driver_tmp_0.dat -E1 -ver=XC8 Compiler --acfsm=1493 \
  -ACODE=00h-07FFhx4 -ASTRCODE=00h-01FFFh -ASTRING=00h-0FFhx32 \
  -ACONST=00h-0FFhx32 -AENTRY=00h-0FFhx32 -ACOMMON=070h-07Fh \
  -ABANK0=020h-06Fh -ABANK1=0A0h-0EFh -ABANK2=0110h-016Fh \
  -ABANK3=0190h-01EFh -ARAM=020h-06Fh,0A0h-0EFh,0110h-016Fh,0190h-01EFh \
  -AABS1=020h-07Fh,0A0h-0EFh,0110h-016Fh,0190h-01EFh -ASFR0=00h-01Fh \
  -ASFR1=080h-09Fh -ASFR2=0100h-010Fh -ASFR3=0180h-018Fh \
  -ACONFIG=02007h-02007h -DCONFIG=2 -AIDLOC=02000h-02003h -DIDLOC=2 \
  -AEEDATA=00h-0FFh/02100h -peeprom_data=EEDATA -DEEDATA=2 -DCODE=2 \
  -DSTRCODE=2 -DSTRING=2 -DCONST=2 -DENTRY=2 \
  -preset_vec=00h,intentry,sivt,init,end_init -ppowerup=CODE -pcinit=CODE \
  -pfunctab=ENTRY -k /tmp/xcXMJIfAj/driver_tmp_12.o \
  dist/default/production/CLASS3_TASK.X.production.o 

Object code version is 3.11

Machine type is 16F877A



                Name                               Link     Load   Length Selector   Space Scale
/tmp/xcXMJIfAj/driver_tmp_12.o
                end_init                              0        0        3        0       0
                config                             2007     2007        1        0       4
dist/default/production/CLASS3_TASK.X.production.o
                cinit                               7EC      7EC       14      FD8       0
                config                             2007     2007        1        0       4
                text4                               6E3      6E3       17      DC6       0
                text3                               736      736       5B      E6C       0
                text2                               791      791       5B      F22       0
                text1                               6CF      6CF       14      D9E       0
                maintext                            6FA      6FA       3C      DF4       0
                cstackCOMMON                         70       70        6       70       1
                inittext                            6BC      6BC       13      D78       0
                dataBANK0                            20       20        7       20       1
                bssCOMMON                            76       76        2       70       1
                idataBANK0                          6B5      6B5        7      D6A       0

TOTAL           Name                               Link     Load   Length     Space
        CLASS   CODE           
                end_init                              0        0        3         0
                cinit                               7EC      7EC       14         0
                text4                               6E3      6E3       17         0
                text3                               736      736       5B         0
                text2                               791      791       5B         0
                text1                               6CF      6CF       14         0
                maintext                            6FA      6FA       3C         0
                inittext                            6BC      6BC       13         0
                idataBANK0                          6B5      6B5        7         0

        CLASS   STRCODE        

        CLASS   STRING         

        CLASS   CONST          

        CLASS   ENTRY          

        CLASS   COMMON         
                cstackCOMMON                         70       70        6         1
                bssCOMMON                            76       76        2         1

        CLASS   BANK0          
                dataBANK0                            20       20        7         1

        CLASS   BANK1          

        CLASS   BANK2          

        CLASS   BANK3          

        CLASS   RAM            

        CLASS   ABS1           
                abs_s1                               7E       7E        2         1

        CLASS   SFR0           

        CLASS   SFR1           

        CLASS   SFR2           

        CLASS   SFR3           

        CLASS   CONFIG         
                config                             2007     2007        1         4

        CLASS   IDLOC          

        CLASS   EEDATA         

        CLASS   HEAP           

        CLASS   STACK          



SEGMENTS        Name                           Load    Length   Top    Selector   Space  Class     Delta

                text4                          0006E3  000017  0006FA       DC6       0  CODE        2
                maintext                       0006FA  00003C  000736       DF4       0  CODE        2
                reset_vec                      000000  000003  000003         0       0  CODE        2
                text1                          0006CF  000014  0006E3       D9E       0  CODE        2
                text2                          000791  00005B  0007EC       F22       0  CODE        2
                text3                          000736  00005B  000791       E6C       0  CODE        2
                inittext                       0006BC  000013  0006CF       D78       0  CODE        2
                idataBANK0                     0006B5  000007  0006BC       D6A       0  CODE        2
                dataBANK0                      000020  000007  000027        20       1  BANK0       1
                cinit                          0007EC  000014  000800       FD8       0  CODE        2
                cstackCOMMON                   000070  000008  000078        70       1  COMMON      1


UNUSED ADDRESS RANGES

        Name                Unused          Largest block    Delta
        BANK0            0027-006F             49           1
        BANK1            00A0-00EF             50           1
        BANK2            0110-016F             60           1
        BANK3            0190-01EF             60           1
        CODE             0003-06B4            6B2           2
                         0800-1FFF            800
        COMMON           0078-007D              6           1
        CONST            0003-06B4            100           2
                         0800-1FFF            100
        EEDATA           2100-21FF            100           2
        ENTRY            0003-06B4            100           2
                         0800-1FFF            100
        IDLOC            2000-2003              4           2
        RAM              0027-006F             49           1
                         00A0-00EF             50
                         0110-016F             60
                         0190-01EF             60
        SFR0             0000-001F             20           1
        SFR1             0080-009F             20           1
        SFR2             0100-010F             10           1
        SFR3             0180-018F             10           1
        STRCODE          0003-06B4            6B2           2
                         0800-1FFF           1800
        STRING           0003-06B4            100           2
                         0800-1FFF            100

                                  Symbol Table

_PORTC                   (abs)        0007
_PORTD                   (abs)        0008
_TRISC                   (abs)        0087
_TRISD                   (abs)        0088
__H__absolute__          __absolute__ 0000
__Habs1                  abs1         0000
__Hbank0                 bank0        0000
__Hbank1                 bank1        0000
__Hbank2                 bank2        0000
__Hbank3                 bank3        0000
__HbssCOMMON             bssCOMMON    0000
__Hcinit                 cinit        0800
__Hclrtext               clrtext      0000
__Hcode                  code         0000
__Hcommon                common       0000
__Hconfig                config       2008
__HcstackCOMMON          cstackCOMMON 0000
__HdataBANK0             dataBANK0    0000
__Heeprom_data           eeprom_data  0000
__Hend_init              end_init     0003
__Hfunctab               functab      0000
__Hheap                  heap         0000
__HidataBANK0            idataBANK0   0000
__Hinit                  init         0000
__Hinittext              inittext     0000
__Hintentry              intentry     0000
__Hmaintext              maintext     0000
__Hpowerup               powerup      0000
__Hram                   ram          0000
__Hreset_vec             reset_vec    0000
__Hsfr0                  sfr0         0000
__Hsfr1                  sfr1         0000
__Hsfr2                  sfr2         0000
__Hsfr3                  sfr3         0000
__Hsivt                  sivt         0000
__Hspace_0               (abs)        0800
__Hspace_1               (abs)        0078
__Hspace_2               (abs)        0000
__Hspace_3               (abs)        0000
__Hspace_4               (abs)        400F
__Hstack                 stack        0000
__Hstrings               strings      0000
__Htext                  text         0000
__L__absolute__          __absolute__ 0000
__Labs1                  abs1         0000
__Lbank0                 bank0        0000
__Lbank1                 bank1        0000
__Lbank2                 bank2        0000
__Lbank3                 bank3        0000
__LbssCOMMON             bssCOMMON    0000
__Lcinit                 cinit        07EC
__Lclrtext               clrtext      0000
__Lcode                  code         0000
__Lcommon                common       0000
__Lconfig                config       0000
__LcstackCOMMON          cstackCOMMON 0000
__LdataBANK0             dataBANK0    0000
__Leeprom_data           eeprom_data  0000
__Lend_init              end_init     0000
__Lfunctab               functab      0000
__Lheap                  heap         0000
__LidataBANK0            idataBANK0   0000
__Linit                  init         0000
__Linittext              inittext     0000
__Lintentry              intentry     0000
__Lmaintext              maintext     0000
__Lpowerup               powerup      0000
__Lram                   ram          0000
__Lreset_vec             reset_vec    0000
__Lsfr0                  sfr0         0000
__Lsfr1                  sfr1         0000
__Lsfr2                  sfr2         0000
__Lsfr3                  sfr3         0000
__Lsivt                  sivt         0000
__Lspace_0               (abs)        0000
__Lspace_1               (abs)        0000
__Lspace_2               (abs)        0000
__Lspace_3               (abs)        0000
__Lspace_4               (abs)        0000
__Lstack                 stack        0000
__Lstrings               strings      0000
__Ltext                  text         0000
__S0                     (abs)        0800
__S1                     (abs)        0078
__S3                     (abs)        0000
___heap_hi               (abs)        0000
___heap_lo               (abs)        0000
___int_sp                stack        0000
___int_stack_hi          stack        0000
___int_stack_lo          stack        0000
___latbits               (abs)        0002
___sp                    stack        0000
___stack_hi              stack        0000
___stack_lo              stack        0000
___stackhi               (abs)        0000
___stacklo               (abs)        0000
__end_of__initialization cinit        07FC
__end_of_init            text3        0791
__end_of_init1           text2        07EC
__end_of_lcd_command     text4        06FA
__end_of_lcd_data        text1        06E3
__end_of_main            maintext     0736
__initialization         cinit        07EC
__pbssCOMMON             bssCOMMON    0076
__pcstackCOMMON          cstackCOMMON 0070
__pdataBANK0             dataBANK0    0020
__pidataBANK0            idataBANK0   06B5
__pmaintext              maintext     06FA
__ptext1                 text1        06CF
__ptext2                 text2        0791
__ptext3                 text3        0736
__ptext4                 text4        06E3
_arr                     dataBANK0    0020
_i                       bssCOMMON    0077
_init                    text3        0736
_init1                   text2        0791
_j                       bssCOMMON    0076
_lcd_command             text4        06E3
_lcd_data                text1        06CF
_main                    maintext     06FA
btemp                    (abs)        007E
end_of_initialization    cinit        07FC
init_fetch0              inittext     06BC
init_ram0                inittext     06C0
intlevel0                functab      0000
intlevel1                functab      0000
intlevel2                functab      0000
intlevel3                functab      0000
intlevel4                functab      0000
intlevel5                functab      0000
lcd_command@value        cstackCOMMON 0072
lcd_data@value           cstackCOMMON 0072
reset_vec                reset_vec    0000
start                    init         0000
start_initialization     cinit        07EC
wtemp0                   (abs)        007E


MODULE INFORMATION

Module		Function		Class		Link	Load	Size
class3_task.c
		_init          		CODE           	0736	0000	91
		_lcd_command   		CODE           	06E3	0000	23
		_lcd_data      		CODE           	06CF	0000	20
		_main          		CODE           	06FA	0000	60
		_init1         		CODE           	0791	0000	91

class3_task.c estimated size: 285

shared
		__initialization		CODE           	07EC	0000	16

shared estimated size: 16

