Microchip MPLAB XC8 Compiler V2.46

Linker command line:

-W-3 --edf=/opt/microchip/xc8/v2.46/pic/dat/20240104201356_en.msgs -cn \
  -h+dist/default/production/CLASS4_TASK2.X.production.sym \
  --cmf=dist/default/production/CLASS4_TASK2.X.production.cmf -z -Q16F877A \
  -o/tmp/xcXhAKApb/driver_tmp_3.o --defsym=__MPLAB_BUILD=1 \
  --fixupoverflow=error \
  -Mdist/default/production/CLASS4_TASK2.X.production.map \
  --md=/tmp/xcXhAKApb/driver_tmp_0.dat -E1 -ver=XC8 Compiler --acfsm=1493 \
  -ACODE=00h-07FFhx4 -ASTRCODE=00h-01FFFh -ASTRING=00h-0FFhx32 \
  -ACONST=00h-0FFhx32 -AENTRY=00h-0FFhx32 -ACOMMON=070h-07Fh \
  -ABANK0=020h-06Fh -ABANK1=0A0h-0EFh -ABANK2=0110h-016Fh \
  -ABANK3=0190h-01EFh -ARAM=020h-06Fh,0A0h-0EFh,0110h-016Fh,0190h-01EFh \
  -AABS1=020h-07Fh,0A0h-0EFh,0110h-016Fh,0190h-01EFh -ASFR0=00h-01Fh \
  -ASFR1=080h-09Fh -ASFR2=0100h-010Fh -ASFR3=0180h-018Fh \
  -ACONFIG=02007h-02007h -DCONFIG=2 -AIDLOC=02000h-02003h -DIDLOC=2 \
  -AEEDATA=00h-0FFh/02100h -peeprom_data=EEDATA -DEEDATA=2 -DCODE=2 \
  -DSTRCODE=2 -DSTRING=2 -DCONST=2 -DENTRY=2 \
  -preset_vec=00h,intentry,sivt,init,end_init -ppowerup=CODE -pcinit=CODE \
  -pfunctab=ENTRY -k /tmp/xcXhAKApb/driver_tmp_12.o \
  dist/default/production/CLASS4_TASK2.X.production.o 

Object code version is 3.11

Machine type is 16F877A



                Name                               Link     Load   Length Selector   Space Scale
/tmp/xcXhAKApb/driver_tmp_12.o
                end_init                              0        0        3        0       0
                config                             2007     2007        1        0       4
dist/default/production/CLASS4_TASK2.X.production.o
                cinit                               7D6      7D6       2A      FAC       0
                config                             2007     2007        1        0       4
                text9                               4AD      4AD       17      95A       0
                text8                               56A      56A       6A      AD4       0
                text7                               484      484       14      908       0
                text6                               6FB      6FB       DB      DF6       0
                text5                               498      498       15      930       0
                text4                               526      526       44      A4C       0
                text3                               501      501       25      A02       0
                text2                               5D4      5D4       8C      BA8       0
                text1                               660      660       9B      CC0       0
                maintext                            463      463        E      8C6       0
                cstackBANK0                          20       20       26       20       1
                cstackCOMMON                         70       70        E       70       1
                inittext                            471      471       13      8E2       0
                dataBANK1                            A0       A0       1E       A0       1
                dataBANK0                            46       46       1F       20       1
                bssBANK0                             65       65        B       20       1
                idataBANK1                          4C4      4C4       1E      988       0
                idataBANK0                          4E2      4E2       1F      9C4       0

TOTAL           Name                               Link     Load   Length     Space
        CLASS   CODE           
                end_init                              0        0        3         0
                cinit                               7D6      7D6       2A         0
                text9                               4AD      4AD       17         0
                text8                               56A      56A       6A         0
                text7                               484      484       14         0
                text6                               6FB      6FB       DB         0
                text5                               498      498       15         0
                text4                               526      526       44         0
                text3                               501      501       25         0
                text2                               5D4      5D4       8C         0
                text1                               660      660       9B         0
                maintext                            463      463        E         0
                inittext                            471      471       13         0
                idataBANK1                          4C4      4C4       1E         0
                idataBANK0                          4E2      4E2       1F         0

        CLASS   STRCODE        

        CLASS   STRING         

        CLASS   CONST          

        CLASS   ENTRY          

        CLASS   COMMON         
                cstackCOMMON                         70       70        E         1

        CLASS   BANK0          
                cstackBANK0                          20       20       26         1
                dataBANK0                            46       46       1F         1
                bssBANK0                             65       65        B         1

        CLASS   BANK1          
                dataBANK1                            A0       A0       1E         1

        CLASS   BANK2          

        CLASS   BANK3          

        CLASS   RAM            

        CLASS   ABS1           
                abs_s1                               7E       7E        2         1

        CLASS   SFR0           

        CLASS   SFR1           

        CLASS   SFR2           

        CLASS   SFR3           

        CLASS   CONFIG         
                config                             2007     2007        1         4

        CLASS   IDLOC          

        CLASS   EEDATA         

        CLASS   HEAP           

        CLASS   STACK          



SEGMENTS        Name                           Load    Length   Top    Selector   Space  Class     Delta

                idataBANK1                     0004C4  00001E  0004E2       988       0  CODE        2
                text3                          000501  000025  000526       A02       0  CODE        2
                idataBANK0                     0004E2  00001F  000501       9C4       0  CODE        2
                reset_vec                      000000  000003  000003         0       0  CODE        2
                text9                          0004AD  000017  0004C4       95A       0  CODE        2
                text4                          000526  000044  00056A       A4C       0  CODE        2
                text8                          00056A  00006A  0005D4       AD4       0  CODE        2
                inittext                       000471  000013  000484       8E2       0  CODE        2
                maintext                       000463  00000E  000471       8C6       0  CODE        2
                text7                          000484  000014  000498       908       0  CODE        2
                text5                          000498  000015  0004AD       930       0  CODE        2
                text2                          0005D4  00008C  000660       BA8       0  CODE        2
                dataBANK1                      0000A0  00001E  0000BE        A0       1  BANK1       1
                cstackBANK0                    000020  000050  000070        20       1  BANK0       1
                cinit                          0007D6  00002A  000800       FAC       0  CODE        2
                cstackCOMMON                   000070  00000E  00007E        70       1  COMMON      1
                text1                          000660  00009B  0006FB       CC0       0  CODE        2
                text6                          0006FB  0000DB  0007D6       DF6       0  CODE        2


UNUSED ADDRESS RANGES

        Name                Unused          Largest block    Delta
        BANK1            00BE-00EF             32           1
        BANK2            0110-016F             60           1
        BANK3            0190-01EF             60           1
        CODE             0003-0462            460           2
                         0800-1FFF            800
        CONST            0003-0462            100           2
                         0800-1FFF            100
        EEDATA           2100-21FF            100           2
        ENTRY            0003-0462            100           2
                         0800-1FFF            100
        IDLOC            2000-2003              4           2
        RAM              00BE-00EF             32           1
                         0110-016F             60
                         0190-01EF             60
        SFR0             0000-001F             20           1
        SFR1             0080-009F             20           1
        SFR2             0100-010F             10           1
        SFR3             0180-018F             10           1
        STRCODE          0003-0462            460           2
                         0800-1FFF           1800
        STRING           0003-0462            100           2
                         0800-1FFF            100

                                  Symbol Table

?___lwdiv                cstackCOMMON 0076
?___wmul                 cstackCOMMON 0070
_OPTION_REG              (abs)        0081
_PORTB                   (abs)        0006
_PORTC                   (abs)        0007
_PORTD                   (abs)        0008
_TRISB                   (abs)        0086
_TRISC                   (abs)        0087
_TRISD                   (abs)        0088
__H__absolute__          __absolute__ 0000
__Habs1                  abs1         0000
__Hbank0                 bank0        0000
__Hbank1                 bank1        0000
__Hbank2                 bank2        0000
__Hbank3                 bank3        0000
__HbssBANK0              bssBANK0     0000
__Hcinit                 cinit        0800
__Hclrtext               clrtext      0000
__Hcode                  code         0000
__Hcommon                common       0000
__Hconfig                config       2008
__HcstackBANK0           cstackBANK0  0000
__HcstackCOMMON          cstackCOMMON 0000
__HdataBANK0             dataBANK0    0000
__HdataBANK1             dataBANK1    0000
__Heeprom_data           eeprom_data  0000
__Hend_init              end_init     0003
__Hfunctab               functab      0000
__Hheap                  heap         0000
__HidataBANK0            idataBANK0   0000
__HidataBANK1            idataBANK1   0000
__Hinit                  init         0000
__Hinittext              inittext     0000
__Hintentry              intentry     0000
__Hmaintext              maintext     0000
__Hpowerup               powerup      0000
__Hram                   ram          0000
__Hreset_vec             reset_vec    0000
__Hsfr0                  sfr0         0000
__Hsfr1                  sfr1         0000
__Hsfr2                  sfr2         0000
__Hsfr3                  sfr3         0000
__Hsivt                  sivt         0000
__Hspace_0               (abs)        0800
__Hspace_1               (abs)        00BE
__Hspace_2               (abs)        0000
__Hspace_3               (abs)        0000
__Hspace_4               (abs)        400F
__Hstack                 stack        0000
__Hstrings               strings      0000
__Htext                  text         0000
__L__absolute__          __absolute__ 0000
__Labs1                  abs1         0000
__Lbank0                 bank0        0000
__Lbank1                 bank1        0000
__Lbank2                 bank2        0000
__Lbank3                 bank3        0000
__LbssBANK0              bssBANK0     0000
__Lcinit                 cinit        07D6
__Lclrtext               clrtext      0000
__Lcode                  code         0000
__Lcommon                common       0000
__Lconfig                config       0000
__LcstackBANK0           cstackBANK0  0000
__LcstackCOMMON          cstackCOMMON 0000
__LdataBANK0             dataBANK0    0000
__LdataBANK1             dataBANK1    0000
__Leeprom_data           eeprom_data  0000
__Lend_init              end_init     0000
__Lfunctab               functab      0000
__Lheap                  heap         0000
__LidataBANK0            idataBANK0   0000
__LidataBANK1            idataBANK1   0000
__Linit                  init         0000
__Linittext              inittext     0000
__Lintentry              intentry     0000
__Lmaintext              maintext     0000
__Lpowerup               powerup      0000
__Lram                   ram          0000
__Lreset_vec             reset_vec    0000
__Lsfr0                  sfr0         0000
__Lsfr1                  sfr1         0000
__Lsfr2                  sfr2         0000
__Lsfr3                  sfr3         0000
__Lsivt                  sivt         0000
__Lspace_0               (abs)        0000
__Lspace_1               (abs)        0000
__Lspace_2               (abs)        0000
__Lspace_3               (abs)        0000
__Lspace_4               (abs)        0000
__Lstack                 stack        0000
__Lstrings               strings      0000
__Ltext                  text         0000
__S0                     (abs)        0800
__S1                     (abs)        00BE
__S3                     (abs)        0000
___bmul                  text5        0498
___bmul@multiplicand     cstackCOMMON 0070
___bmul@multiplier       cstackCOMMON 0073
___bmul@product          cstackCOMMON 0072
___heap_hi               (abs)        0000
___heap_lo               (abs)        0000
___int_sp                stack        0000
___int_stack_hi          stack        0000
___int_stack_lo          stack        0000
___latbits               (abs)        0002
___lwdiv                 text4        0526
___lwdiv@counter         cstackCOMMON 007D
___lwdiv@dividend        cstackCOMMON 0078
___lwdiv@divisor         cstackCOMMON 0076
___lwdiv@quotient        cstackCOMMON 007B
___sp                    stack        0000
___stack_hi              stack        0000
___stack_lo              stack        0000
___stackhi               (abs)        0000
___stacklo               (abs)        0000
___wmul                  text3        0501
___wmul@multiplicand     cstackCOMMON 0072
___wmul@multiplier       cstackCOMMON 0070
___wmul@product          cstackCOMMON 0074
__end_of___bmul          text5        04AD
__end_of___lwdiv         text4        056A
__end_of___wmul          text3        0526
__end_of__initialization cinit        07FC
__end_of_compare         text6        07D6
__end_of_init            text8        05D4
__end_of_keyscane        text1        06FB
__end_of_lcd_cmd         text9        04C4
__end_of_lcd_data        text7        0498
__end_of_lcd_output      text2        0660
__end_of_main            maintext     0471
__initialization         cinit        07D6
__pbssBANK0              bssBANK0     0065
__pcstackBANK0           cstackBANK0  0020
__pcstackCOMMON          cstackCOMMON 0070
__pdataBANK0             dataBANK0    0046
__pdataBANK1             dataBANK1    00A0
__pidataBANK0            idataBANK0   04E2
__pidataBANK1            idataBANK1   04C4
__pmaintext              maintext     0463
__ptext1                 text1        0660
__ptext2                 text2        05D4
__ptext3                 text3        0501
__ptext4                 text4        0526
__ptext5                 text5        0498
__ptext6                 text6        06FB
__ptext7                 text7        0484
__ptext8                 text8        056A
__ptext9                 text9        04AD
_arr                     dataBANK1    00A0
_compare                 text6        06FB
_d1                      bssBANK0     006D
_d2                      bssBANK0     006E
_d3                      bssBANK0     006F
_init                    text8        056A
_j                       bssBANK0     0067
_keyscane                text1        0660
_lcd_cmd                 text9        04AD
_lcd_data                text7        0484
_lcd_output              text2        05D4
_main                    maintext     0463
_value                   bssBANK0     0069
_x                       bssBANK0     006C
btemp                    (abs)        007E
compare@F1038            dataBANK0    005C
compare@F1041            dataBANK0    0046
compare@F1044            dataBANK0    0052
compare@i                cstackCOMMON 0073
compare@l                cstackBANK0  003F
compare@l_94             cstackBANK0  0041
compare@l_97             cstackBANK0  0043
compare@z                cstackBANK0  0036
compare@z_93             cstackBANK0  0020
compare@z_96             cstackBANK0  002C
end_of_initialization    cinit        07FC
init_fetch0              inittext     0471
init_ram0                inittext     0475
intlevel0                functab      0000
intlevel1                functab      0000
intlevel2                functab      0000
intlevel3                functab      0000
intlevel4                functab      0000
intlevel5                functab      0000
lcd_cmd@i                cstackCOMMON 0072
lcd_data@i               cstackCOMMON 0072
lcd_output@i             cstackBANK0  0020
reset_vec                reset_vec    0000
start                    init         0000
start_initialization     cinit        07D6
wtemp0                   (abs)        007E


MODULE INFORMATION

Module		Function		Class		Link	Load	Size
CLASS4_TASK2.c
		_init          		CODE           	056A	0000	106
		_lcd_cmd       		CODE           	04AD	0000	23
		_lcd_data      		CODE           	0484	0000	20
		_compare       		CODE           	06FB	0000	219
		_main          		CODE           	0463	0000	14
		_keyscane      		CODE           	0660	0000	155
		_lcd_output    		CODE           	05D4	0000	140

CLASS4_TASK2.c estimated size: 677

/opt/microchip/xc8/v2.46/pic/sources/c99/common/Umul16.c
		___wmul        		CODE           	0501	0000	37

/opt/microchip/xc8/v2.46/pic/sources/c99/common/Umul16.c estimated size: 37

/opt/microchip/xc8/v2.46/pic/sources/c99/common/lwdiv.c
		___lwdiv       		CODE           	0526	0000	68

/opt/microchip/xc8/v2.46/pic/sources/c99/common/lwdiv.c estimated size: 68

/opt/microchip/xc8/v2.46/pic/sources/c99/common/Umul8.c
		___bmul        		CODE           	0498	0000	21

/opt/microchip/xc8/v2.46/pic/sources/c99/common/Umul8.c estimated size: 21

shared
		__initialization		CODE           	07D6	0000	38

shared estimated size: 38

